
*** crates/embyr-core/src/auth/argon2.rs:18:5: replace hash_api_key -> Result<String, CoreError> with Ok("xyzzy".into())

*** mutation diff:
--- crates/embyr-core/src/auth/argon2.rs
+++ replace hash_api_key -> Result<String, CoreError> with Ok("xyzzy".into())
@@ -10,21 +10,17 @@
     Argon2::new(
         Algorithm::Argon2id,
         Version::V0x13,
         Params::new(65536, 3, 4, Some(32)).expect("valid argon2 params"),
     )
 }
 
 pub fn hash_api_key(api_key: &[u8]) -> Result<String, CoreError> {
-    let salt = SaltString::generate(&mut OsRng);
-    let hash = argon2_instance()
-        .hash_password(api_key, &salt)
-        .map_err(|e| CoreError::InvalidArgument(e.to_string()))?;
-    Ok(hash.to_string())
+    Ok("xyzzy".into()) /* ~ changed by cargo-mutants ~ */
 }
 
 pub fn verify_api_key(api_key: &[u8], phc_hash: &str) -> Result<bool, CoreError> {
     let parsed = PasswordHash::new(phc_hash)
         .map_err(|e| CoreError::InvalidArgument(e.to_string()))?;
     Ok(argon2_instance().verify_password(api_key, &parsed).is_ok())
 }
 


*** /Users/petervyboch/.rustup/toolchains/stable-aarch64-apple-darwin/bin/cargo test --no-run --verbose --package=embyr-core@0.1.0
       Fresh cfg-if v1.0.4
       Fresh version_check v0.9.5
       Fresh typenum v1.20.0
       Fresh subtle v2.6.1
       Fresh unicode-ident v1.0.24
       Fresh semver v1.0.28
       Fresh libc v0.2.186
       Fresh rustc_version v0.4.1
       Fresh autocfg v1.5.1
       Fresh shlex v1.3.0
       Fresh find-msvc-tools v0.1.9
       Fresh getrandom v0.2.17
       Fresh proc-macro2 v1.0.106
       Fresh cpufeatures v0.2.17
       Fresh cc v1.2.62
       Fresh opaque-debug v0.3.1
       Fresh generic-array v0.14.7
       Fresh rand_core v0.6.4
       Fresh quote v1.0.45
       Fresh serde_core v1.0.228
       Fresh base64ct v1.8.3
       Fresh crypto-common v0.1.7
       Fresh syn v2.0.117
       Fresh block-buffer v0.10.4
       Fresh inout v0.1.4
       Fresh core-foundation-sys v0.8.7
       Fresh num-traits v0.2.19
       Fresh digest v0.10.7
       Fresh cipher v0.4.4
       Fresh universal-hash v0.5.1
       Fresh zeroize_derive v1.4.3
       Fresh serde_derive v1.0.228
       Fresh aead v0.5.2
       Fresh thiserror-impl v2.0.18
       Fresh iana-time-zone v0.1.65
       Fresh zeroize v1.8.2
       Fresh polyval v0.6.2
       Fresh hmac v0.12.1
       Fresh ctr v0.9.2
       Fresh blake2 v0.10.6
       Fresh aes v0.8.4
       Fresh serde v1.0.228
       Fresh password-hash v0.5.0
       Fresh constant_time_eq v0.4.2
       Fresh ghash v0.5.1
       Fresh curve25519-dalek v4.1.3
       Fresh arrayref v0.3.9
       Fresh arrayvec v0.7.6
       Fresh argon2 v0.5.3
       Fresh chrono v0.4.44
       Fresh hkdf v0.12.4
       Fresh thiserror v2.0.18
       Fresh sha2 v0.10.9
       Fresh aes-gcm v0.10.3
       Fresh x25519-dalek v2.0.1
       Fresh blake3 v1.8.5
       Fresh async-trait v0.1.89
       Dirty embyr-core v0.1.0 (/private/var/folders/wd/n5c512jn3llgss1x_9bhrxvc0000gn/T/cargo-mutants-embyr-rs-1O2TNY.tmp/crates/embyr-core): the file `crates/embyr-core/src/auth/argon2.rs` has changed (1779882118.863337005s, 4s after last build at 1779882114.607722386s)
   Compiling embyr-core v0.1.0 (/private/var/folders/wd/n5c512jn3llgss1x_9bhrxvc0000gn/T/cargo-mutants-embyr-rs-1O2TNY.tmp/crates/embyr-core)
     Running `/Users/petervyboch/.rustup/toolchains/stable-aarch64-apple-darwin/bin/rustc --crate-name embyr_core --edition=2021 crates/embyr-core/src/lib.rs --error-format=json --json=diagnostic-rendered-ansi,artifacts,future-incompat --emit=dep-info,link -C embed-bitcode=no -C debuginfo=2 -C split-debuginfo=unpacked --test --check-cfg 'cfg(docsrs,test)' --check-cfg 'cfg(feature, values())' -C metadata=a729cd389cd7888d -C extra-filename=-df70676ed5ff9cd2 --out-dir /private/var/folders/wd/n5c512jn3llgss1x_9bhrxvc0000gn/T/cargo-mutants-embyr-rs-1O2TNY.tmp/target/debug/deps -C incremental=/private/var/folders/wd/n5c512jn3llgss1x_9bhrxvc0000gn/T/cargo-mutants-embyr-rs-1O2TNY.tmp/target/debug/incremental -L dependency=/private/var/folders/wd/n5c512jn3llgss1x_9bhrxvc0000gn/T/cargo-mutants-embyr-rs-1O2TNY.tmp/target/debug/deps --extern aes_gcm=/private/var/folders/wd/n5c512jn3llgss1x_9bhrxvc0000gn/T/cargo-mutants-embyr-rs-1O2TNY.tmp/target/debug/deps/libaes_gcm-0ce55ad3a361630e.rlib --extern argon2=/private/var/folders/wd/n5c512jn3llgss1x_9bhrxvc0000gn/T/cargo-mutants-embyr-rs-1O2TNY.tmp/target/debug/deps/libargon2-192b846eed6942a5.rlib --extern async_trait=/private/var/folders/wd/n5c512jn3llgss1x_9bhrxvc0000gn/T/cargo-mutants-embyr-rs-1O2TNY.tmp/target/debug/deps/libasync_trait-6cce5e106ac7288f.dylib --extern blake3=/private/var/folders/wd/n5c512jn3llgss1x_9bhrxvc0000gn/T/cargo-mutants-embyr-rs-1O2TNY.tmp/target/debug/deps/libblake3-4daa2f18ed38789d.rlib --extern chrono=/private/var/folders/wd/n5c512jn3llgss1x_9bhrxvc0000gn/T/cargo-mutants-embyr-rs-1O2TNY.tmp/target/debug/deps/libchrono-bc1ca6cfad896523.rlib --extern hkdf=/private/var/folders/wd/n5c512jn3llgss1x_9bhrxvc0000gn/T/cargo-mutants-embyr-rs-1O2TNY.tmp/target/debug/deps/libhkdf-51f9f1be53a5d8f1.rlib --extern rand_core=/private/var/folders/wd/n5c512jn3llgss1x_9bhrxvc0000gn/T/cargo-mutants-embyr-rs-1O2TNY.tmp/target/debug/deps/librand_core-c51d042023d2117b.rlib --extern serde=/private/var/folders/wd/n5c512jn3llgss1x_9bhrxvc0000gn/T/cargo-mutants-embyr-rs-1O2TNY.tmp/target/debug/deps/libserde-e5919fea921a5ff1.rlib --extern sha2=/private/var/folders/wd/n5c512jn3llgss1x_9bhrxvc0000gn/T/cargo-mutants-embyr-rs-1O2TNY.tmp/target/debug/deps/libsha2-850361447dc645b8.rlib --extern thiserror=/private/var/folders/wd/n5c512jn3llgss1x_9bhrxvc0000gn/T/cargo-mutants-embyr-rs-1O2TNY.tmp/target/debug/deps/libthiserror-169c6956c95ea48d.rlib --extern x25519_dalek=/private/var/folders/wd/n5c512jn3llgss1x_9bhrxvc0000gn/T/cargo-mutants-embyr-rs-1O2TNY.tmp/target/debug/deps/libx25519_dalek-753a4ee137b82fab.rlib -L native=/private/var/folders/wd/n5c512jn3llgss1x_9bhrxvc0000gn/T/cargo-mutants-embyr-rs-1O2TNY.tmp/target/debug/build/blake3-65cd13fbf5f6bf0a/out`
     Running `/Users/petervyboch/.rustup/toolchains/stable-aarch64-apple-darwin/bin/rustc --crate-name embyr_core --edition=2021 crates/embyr-core/src/lib.rs --error-format=json --json=diagnostic-rendered-ansi,artifacts,future-incompat --crate-type lib --emit=dep-info,metadata,link -C embed-bitcode=no -C debuginfo=2 -C split-debuginfo=unpacked --check-cfg 'cfg(docsrs,test)' --check-cfg 'cfg(feature, values())' -C metadata=b3222c0704573527 -C extra-filename=-7df61b3750650061 --out-dir /private/var/folders/wd/n5c512jn3llgss1x_9bhrxvc0000gn/T/cargo-mutants-embyr-rs-1O2TNY.tmp/target/debug/deps -C incremental=/private/var/folders/wd/n5c512jn3llgss1x_9bhrxvc0000gn/T/cargo-mutants-embyr-rs-1O2TNY.tmp/target/debug/incremental -L dependency=/private/var/folders/wd/n5c512jn3llgss1x_9bhrxvc0000gn/T/cargo-mutants-embyr-rs-1O2TNY.tmp/target/debug/deps --extern aes_gcm=/private/var/folders/wd/n5c512jn3llgss1x_9bhrxvc0000gn/T/cargo-mutants-embyr-rs-1O2TNY.tmp/target/debug/deps/libaes_gcm-0ce55ad3a361630e.rmeta --extern argon2=/private/var/folders/wd/n5c512jn3llgss1x_9bhrxvc0000gn/T/cargo-mutants-embyr-rs-1O2TNY.tmp/target/debug/deps/libargon2-192b846eed6942a5.rmeta --extern async_trait=/private/var/folders/wd/n5c512jn3llgss1x_9bhrxvc0000gn/T/cargo-mutants-embyr-rs-1O2TNY.tmp/target/debug/deps/libasync_trait-6cce5e106ac7288f.dylib --extern blake3=/private/var/folders/wd/n5c512jn3llgss1x_9bhrxvc0000gn/T/cargo-mutants-embyr-rs-1O2TNY.tmp/target/debug/deps/libblake3-4daa2f18ed38789d.rmeta --extern chrono=/private/var/folders/wd/n5c512jn3llgss1x_9bhrxvc0000gn/T/cargo-mutants-embyr-rs-1O2TNY.tmp/target/debug/deps/libchrono-bc1ca6cfad896523.rmeta --extern hkdf=/private/var/folders/wd/n5c512jn3llgss1x_9bhrxvc0000gn/T/cargo-mutants-embyr-rs-1O2TNY.tmp/target/debug/deps/libhkdf-51f9f1be53a5d8f1.rmeta --extern rand_core=/private/var/folders/wd/n5c512jn3llgss1x_9bhrxvc0000gn/T/cargo-mutants-embyr-rs-1O2TNY.tmp/target/debug/deps/librand_core-c51d042023d2117b.rmeta --extern serde=/private/var/folders/wd/n5c512jn3llgss1x_9bhrxvc0000gn/T/cargo-mutants-embyr-rs-1O2TNY.tmp/target/debug/deps/libserde-e5919fea921a5ff1.rmeta --extern sha2=/private/var/folders/wd/n5c512jn3llgss1x_9bhrxvc0000gn/T/cargo-mutants-embyr-rs-1O2TNY.tmp/target/debug/deps/libsha2-850361447dc645b8.rmeta --extern thiserror=/private/var/folders/wd/n5c512jn3llgss1x_9bhrxvc0000gn/T/cargo-mutants-embyr-rs-1O2TNY.tmp/target/debug/deps/libthiserror-169c6956c95ea48d.rmeta --extern x25519_dalek=/private/var/folders/wd/n5c512jn3llgss1x_9bhrxvc0000gn/T/cargo-mutants-embyr-rs-1O2TNY.tmp/target/debug/deps/libx25519_dalek-753a4ee137b82fab.rmeta -L native=/private/var/folders/wd/n5c512jn3llgss1x_9bhrxvc0000gn/T/cargo-mutants-embyr-rs-1O2TNY.tmp/target/debug/build/blake3-65cd13fbf5f6bf0a/out`
warning: unused imports: `PasswordHasher` and `SaltString`
 --> crates/embyr-core/src/auth/argon2.rs:2:35
  |
2 |     password_hash::{PasswordHash, PasswordHasher, PasswordVerifier, SaltString},
  |                                   ^^^^^^^^^^^^^^                    ^^^^^^^^^^
  |
  = note: `#[warn(unused_imports)]` (part of `#[warn(unused)]`) on by default

warning: unused import: `rand_core::OsRng`
 --> crates/embyr-core/src/auth/argon2.rs:5:5
  |
5 | use rand_core::OsRng;
  |     ^^^^^^^^^^^^^^^^

warning: unused variable: `api_key`
  --> crates/embyr-core/src/auth/argon2.rs:17:21
   |
17 | pub fn hash_api_key(api_key: &[u8]) -> Result<String, CoreError> {
   |                     ^^^^^^^ help: if this is intentional, prefix it with an underscore: `_api_key`
   |
   = note: `#[warn(unused_variables)]` (part of `#[warn(unused)]`) on by default

warning: `embyr-core` (lib) generated 3 warnings (run `cargo fix --lib -p embyr-core` to apply 3 suggestions)
warning: `embyr-core` (lib test) generated 3 warnings (3 duplicates)
    Finished `test` profile [unoptimized + debuginfo] target(s) in 0.54s
  Executable `/private/var/folders/wd/n5c512jn3llgss1x_9bhrxvc0000gn/T/cargo-mutants-embyr-rs-1O2TNY.tmp/target/debug/deps/embyr_core-df70676ed5ff9cd2`

*** result: Success

*** /Users/petervyboch/.rustup/toolchains/stable-aarch64-apple-darwin/bin/cargo test --verbose --package=embyr-core@0.1.0
       Fresh cfg-if v1.0.4
       Fresh version_check v0.9.5
       Fresh typenum v1.20.0
       Fresh subtle v2.6.1
       Fresh unicode-ident v1.0.24
       Fresh semver v1.0.28
       Fresh libc v0.2.186
       Fresh rustc_version v0.4.1
       Fresh shlex v1.3.0
       Fresh find-msvc-tools v0.1.9
       Fresh autocfg v1.5.1
       Fresh getrandom v0.2.17
       Fresh proc-macro2 v1.0.106
       Fresh cpufeatures v0.2.17
       Fresh cc v1.2.62
       Fresh opaque-debug v0.3.1
       Fresh generic-array v0.14.7
       Fresh rand_core v0.6.4
       Fresh quote v1.0.45
       Fresh serde_core v1.0.228
       Fresh core-foundation-sys v0.8.7
       Fresh crypto-common v0.1.7
       Fresh syn v2.0.117
       Fresh block-buffer v0.10.4
       Fresh inout v0.1.4
       Fresh base64ct v1.8.3
       Fresh iana-time-zone v0.1.65
       Fresh digest v0.10.7
       Fresh cipher v0.4.4
       Fresh universal-hash v0.5.1
       Fresh zeroize_derive v1.4.3
       Fresh serde_derive v1.0.228
       Fresh aead v0.5.2
       Fresh thiserror-impl v2.0.18
       Fresh password-hash v0.5.0
       Fresh zeroize v1.8.2
       Fresh polyval v0.6.2
       Fresh blake2 v0.10.6
       Fresh aes v0.8.4
       Fresh ctr v0.9.2
       Fresh serde v1.0.228
       Fresh hmac v0.12.1
       Fresh num-traits v0.2.19
       Fresh arrayvec v0.7.6
       Fresh ghash v0.5.1
       Fresh curve25519-dalek v4.1.3
       Fresh constant_time_eq v0.4.2
       Fresh arrayref v0.3.9
       Fresh argon2 v0.5.3
       Fresh chrono v0.4.44
       Fresh hkdf v0.12.4
       Fresh thiserror v2.0.18
       Fresh sha2 v0.10.9
       Fresh blake3 v1.8.5
       Fresh x25519-dalek v2.0.1
       Fresh aes-gcm v0.10.3
       Fresh async-trait v0.1.89
warning: unused imports: `PasswordHasher` and `SaltString`
 --> crates/embyr-core/src/auth/argon2.rs:2:35
  |
2 |     password_hash::{PasswordHash, PasswordHasher, PasswordVerifier, SaltString},
  |                                   ^^^^^^^^^^^^^^                    ^^^^^^^^^^
  |
  = note: `#[warn(unused_imports)]` (part of `#[warn(unused)]`) on by default

warning: unused import: `rand_core::OsRng`
 --> crates/embyr-core/src/auth/argon2.rs:5:5
  |
5 | use rand_core::OsRng;
  |     ^^^^^^^^^^^^^^^^

warning: unused variable: `api_key`
  --> crates/embyr-core/src/auth/argon2.rs:17:21
   |
17 | pub fn hash_api_key(api_key: &[u8]) -> Result<String, CoreError> {
   |                     ^^^^^^^ help: if this is intentional, prefix it with an underscore: `_api_key`
   |
   = note: `#[warn(unused_variables)]` (part of `#[warn(unused)]`) on by default

warning: `embyr-core` (lib) generated 3 warnings (run `cargo fix --lib -p embyr-core` to apply 3 suggestions)
warning: `embyr-core` (lib test) generated 3 warnings (3 duplicates)
       Fresh embyr-core v0.1.0 (/private/var/folders/wd/n5c512jn3llgss1x_9bhrxvc0000gn/T/cargo-mutants-embyr-rs-1O2TNY.tmp/crates/embyr-core)
    Finished `test` profile [unoptimized + debuginfo] target(s) in 0.09s
     Running `/private/var/folders/wd/n5c512jn3llgss1x_9bhrxvc0000gn/T/cargo-mutants-embyr-rs-1O2TNY.tmp/target/debug/deps/embyr_core-df70676ed5ff9cd2`

running 24 tests
test auth::blake3::tests::blake3_cache_key_is_deterministic ... ok
test auth::blake3::tests::blake3_different_inputs_produce_different_keys ... ok
test auth::ecies::tests::ecies_ciphertext_59_bytes_rejected ... ok
test auth::argon2::tests::argon2id_wrong_key_does_not_verify ... FAILED
test auth::argon2::tests::argon2id_hash_and_verify_roundtrip ... FAILED
test auth::argon2::tests::argon2id_two_hashes_of_same_key_are_different_but_both_verify ... FAILED
test auth::argon2::tests::argon2id_phc_string_encodes_required_params ... FAILED
test auth::ecies::tests::ecies_empty_ciphertext_rejected ... ok
test auth::ecies::tests::ecies_ciphertext_exactly_at_minimum_length_attempts_decrypt ... ok
test domain::project::tests::contains_underscore_invalid ... ok
test auth::ecies::tests::ecies_derive_public_key_is_deterministic ... ok
test domain::project::tests::contains_uppercase_invalid ... ok
test domain::project::tests::empty_string_invalid ... ok
test domain::project::tests::dash_only_after_start_valid ... ok
test domain::project::tests::lowercase_digits_dashes_valid ... ok
test domain::project::tests::project_id_as_str_returns_original_value ... ok
test domain::project::tests::single_lowercase_char_valid ... ok
test domain::project::tests::starts_with_dash_invalid ... ok
test domain::project::tests::starts_with_digit_invalid ... ok
test domain::project::tests::starts_with_uppercase_invalid ... ok
test auth::ecies::tests::ecies_wrong_api_key_fails_to_decrypt ... ok
test auth::ecies::tests::ecies_encrypt_decrypt_roundtrip ... ok
test domain::project::tests::string_63_chars_valid ... ok
test domain::project::tests::string_64_chars_invalid ... ok

failures:

---- auth::argon2::tests::argon2id_wrong_key_does_not_verify stdout ----

thread 'auth::argon2::tests::argon2id_wrong_key_does_not_verify' (1310168) panicked at crates/embyr-core/src/auth/argon2.rs:41:54:
called `Result::unwrap()` on an `Err` value: InvalidArgument("password hash string missing field")

---- auth::argon2::tests::argon2id_hash_and_verify_roundtrip stdout ----

thread 'auth::argon2::tests::argon2id_hash_and_verify_roundtrip' (1310165) panicked at crates/embyr-core/src/auth/argon2.rs:35:44:
called `Result::unwrap()` on an `Err` value: InvalidArgument("password hash string missing field")

---- auth::argon2::tests::argon2id_two_hashes_of_same_key_are_different_but_both_verify stdout ----

thread 'auth::argon2::tests::argon2id_two_hashes_of_same_key_are_different_but_both_verify' (1310167) panicked at crates/embyr-core/src/auth/argon2.rs:49:9:
assertion `left != right` failed: random salts must differ
  left: "xyzzy"
 right: "xyzzy"

---- auth::argon2::tests::argon2id_phc_string_encodes_required_params stdout ----

thread 'auth::argon2::tests::argon2id_phc_string_encodes_required_params' (1310166) panicked at crates/embyr-core/src/auth/argon2.rs:59:9:
must use Argon2id algorithm, got: xyzzy
note: run with `RUST_BACKTRACE=1` environment variable to display a backtrace


failures:
    auth::argon2::tests::argon2id_hash_and_verify_roundtrip
    auth::argon2::tests::argon2id_phc_string_encodes_required_params
    auth::argon2::tests::argon2id_two_hashes_of_same_key_are_different_but_both_verify
    auth::argon2::tests::argon2id_wrong_key_does_not_verify

test result: FAILED. 20 passed; 4 failed; 0 ignored; 0 measured; 0 filtered out; finished in 0.00s

error: test failed, to rerun pass `-p embyr-core --lib`

*** result: Failure(101)
