
*** crates/embyr-core/src/auth/ecies.rs:13:5: replace derive_static_secret -> StaticSecret with Default::default()

*** mutation diff:
--- crates/embyr-core/src/auth/ecies.rs
+++ replace derive_static_secret -> StaticSecret with Default::default()
@@ -5,20 +5,17 @@
 use hkdf::Hkdf;
 use rand_core::OsRng;
 use sha2::Sha256;
 use x25519_dalek::{EphemeralSecret, PublicKey, StaticSecret};
 
 use crate::error::CoreError;
 
 fn derive_static_secret(api_key: &[u8]) -> StaticSecret {
-    let hk = Hkdf::<Sha256>::new(Some(b"embyr-ecies-v1-static"), api_key);
-    let mut okm = [0u8; 32];
-    hk.expand(&[], &mut okm).expect("32 bytes always valid for HKDF");
-    StaticSecret::from(okm)
+    Default::default() /* ~ changed by cargo-mutants ~ */
 }
 
 fn derive_aes_key(shared_secret: &[u8]) -> [u8; 32] {
     let hk = Hkdf::<Sha256>::new(Some(b"embyr-ecies-v1-enc"), shared_secret);
     let mut okm = [0u8; 32];
     hk.expand(&[], &mut okm).expect("32 bytes valid");
     okm
 }


*** /Users/petervyboch/.rustup/toolchains/stable-aarch64-apple-darwin/bin/cargo test --no-run --verbose --package=embyr-core@0.1.0
       Fresh cfg-if v1.0.4
       Fresh version_check v0.9.5
       Fresh typenum v1.20.0
       Fresh subtle v2.6.1
       Fresh unicode-ident v1.0.24
       Fresh semver v1.0.28
       Fresh libc v0.2.186
       Fresh rustc_version v0.4.1
       Fresh find-msvc-tools v0.1.9
       Fresh shlex v1.3.0
       Fresh autocfg v1.5.1
       Fresh getrandom v0.2.17
       Fresh proc-macro2 v1.0.106
       Fresh cpufeatures v0.2.17
       Fresh cc v1.2.62
       Fresh opaque-debug v0.3.1
       Fresh rand_core v0.6.4
       Fresh generic-array v0.14.7
       Fresh quote v1.0.45
       Fresh serde_core v1.0.228
       Fresh crypto-common v0.1.7
       Fresh syn v2.0.117
       Fresh block-buffer v0.10.4
       Fresh inout v0.1.4
       Fresh base64ct v1.8.3
       Fresh core-foundation-sys v0.8.7
       Fresh num-traits v0.2.19
       Fresh digest v0.10.7
       Fresh cipher v0.4.4
       Fresh universal-hash v0.5.1
       Fresh zeroize_derive v1.4.3
       Fresh serde_derive v1.0.228
       Fresh thiserror-impl v2.0.18
       Fresh password-hash v0.5.0
       Fresh iana-time-zone v0.1.65
       Fresh aead v0.5.2
       Fresh polyval v0.6.2
       Fresh zeroize v1.8.2
       Fresh ctr v0.9.2
       Fresh blake2 v0.10.6
       Fresh aes v0.8.4
       Fresh serde v1.0.228
       Fresh hmac v0.12.1
       Fresh arrayvec v0.7.6
       Fresh ghash v0.5.1
       Fresh curve25519-dalek v4.1.3
       Fresh constant_time_eq v0.4.2
       Fresh arrayref v0.3.9
       Fresh chrono v0.4.44
       Fresh hkdf v0.12.4
       Fresh argon2 v0.5.3
       Fresh thiserror v2.0.18
       Fresh sha2 v0.10.9
       Fresh x25519-dalek v2.0.1
       Fresh blake3 v1.8.5
       Fresh aes-gcm v0.10.3
       Fresh async-trait v0.1.89
       Dirty embyr-core v0.1.0 (/private/var/folders/wd/n5c512jn3llgss1x_9bhrxvc0000gn/T/cargo-mutants-embyr-rs-93uJfs.tmp/crates/embyr-core): the file `crates/embyr-core/src/auth/ecies.rs` has changed (1779882373.031899064s, 10s after last build at 1779882363.047865589s)
   Compiling embyr-core v0.1.0 (/private/var/folders/wd/n5c512jn3llgss1x_9bhrxvc0000gn/T/cargo-mutants-embyr-rs-93uJfs.tmp/crates/embyr-core)
     Running `/Users/petervyboch/.rustup/toolchains/stable-aarch64-apple-darwin/bin/rustc --crate-name embyr_core --edition=2021 crates/embyr-core/src/lib.rs --error-format=json --json=diagnostic-rendered-ansi,artifacts,future-incompat --emit=dep-info,link -C embed-bitcode=no -C debuginfo=2 -C split-debuginfo=unpacked --test --check-cfg 'cfg(docsrs,test)' --check-cfg 'cfg(feature, values())' -C metadata=a729cd389cd7888d -C extra-filename=-df70676ed5ff9cd2 --out-dir /private/var/folders/wd/n5c512jn3llgss1x_9bhrxvc0000gn/T/cargo-mutants-embyr-rs-93uJfs.tmp/target/debug/deps -C incremental=/private/var/folders/wd/n5c512jn3llgss1x_9bhrxvc0000gn/T/cargo-mutants-embyr-rs-93uJfs.tmp/target/debug/incremental -L dependency=/private/var/folders/wd/n5c512jn3llgss1x_9bhrxvc0000gn/T/cargo-mutants-embyr-rs-93uJfs.tmp/target/debug/deps --extern aes_gcm=/private/var/folders/wd/n5c512jn3llgss1x_9bhrxvc0000gn/T/cargo-mutants-embyr-rs-93uJfs.tmp/target/debug/deps/libaes_gcm-0ce55ad3a361630e.rlib --extern argon2=/private/var/folders/wd/n5c512jn3llgss1x_9bhrxvc0000gn/T/cargo-mutants-embyr-rs-93uJfs.tmp/target/debug/deps/libargon2-192b846eed6942a5.rlib --extern async_trait=/private/var/folders/wd/n5c512jn3llgss1x_9bhrxvc0000gn/T/cargo-mutants-embyr-rs-93uJfs.tmp/target/debug/deps/libasync_trait-6cce5e106ac7288f.dylib --extern blake3=/private/var/folders/wd/n5c512jn3llgss1x_9bhrxvc0000gn/T/cargo-mutants-embyr-rs-93uJfs.tmp/target/debug/deps/libblake3-4daa2f18ed38789d.rlib --extern chrono=/private/var/folders/wd/n5c512jn3llgss1x_9bhrxvc0000gn/T/cargo-mutants-embyr-rs-93uJfs.tmp/target/debug/deps/libchrono-bc1ca6cfad896523.rlib --extern hkdf=/private/var/folders/wd/n5c512jn3llgss1x_9bhrxvc0000gn/T/cargo-mutants-embyr-rs-93uJfs.tmp/target/debug/deps/libhkdf-51f9f1be53a5d8f1.rlib --extern rand_core=/private/var/folders/wd/n5c512jn3llgss1x_9bhrxvc0000gn/T/cargo-mutants-embyr-rs-93uJfs.tmp/target/debug/deps/librand_core-c51d042023d2117b.rlib --extern serde=/private/var/folders/wd/n5c512jn3llgss1x_9bhrxvc0000gn/T/cargo-mutants-embyr-rs-93uJfs.tmp/target/debug/deps/libserde-e5919fea921a5ff1.rlib --extern sha2=/private/var/folders/wd/n5c512jn3llgss1x_9bhrxvc0000gn/T/cargo-mutants-embyr-rs-93uJfs.tmp/target/debug/deps/libsha2-850361447dc645b8.rlib --extern thiserror=/private/var/folders/wd/n5c512jn3llgss1x_9bhrxvc0000gn/T/cargo-mutants-embyr-rs-93uJfs.tmp/target/debug/deps/libthiserror-169c6956c95ea48d.rlib --extern x25519_dalek=/private/var/folders/wd/n5c512jn3llgss1x_9bhrxvc0000gn/T/cargo-mutants-embyr-rs-93uJfs.tmp/target/debug/deps/libx25519_dalek-753a4ee137b82fab.rlib -L native=/private/var/folders/wd/n5c512jn3llgss1x_9bhrxvc0000gn/T/cargo-mutants-embyr-rs-93uJfs.tmp/target/debug/build/blake3-65cd13fbf5f6bf0a/out`
     Running `/Users/petervyboch/.rustup/toolchains/stable-aarch64-apple-darwin/bin/rustc --crate-name embyr_core --edition=2021 crates/embyr-core/src/lib.rs --error-format=json --json=diagnostic-rendered-ansi,artifacts,future-incompat --crate-type lib --emit=dep-info,metadata,link -C embed-bitcode=no -C debuginfo=2 -C split-debuginfo=unpacked --check-cfg 'cfg(docsrs,test)' --check-cfg 'cfg(feature, values())' -C metadata=b3222c0704573527 -C extra-filename=-7df61b3750650061 --out-dir /private/var/folders/wd/n5c512jn3llgss1x_9bhrxvc0000gn/T/cargo-mutants-embyr-rs-93uJfs.tmp/target/debug/deps -C incremental=/private/var/folders/wd/n5c512jn3llgss1x_9bhrxvc0000gn/T/cargo-mutants-embyr-rs-93uJfs.tmp/target/debug/incremental -L dependency=/private/var/folders/wd/n5c512jn3llgss1x_9bhrxvc0000gn/T/cargo-mutants-embyr-rs-93uJfs.tmp/target/debug/deps --extern aes_gcm=/private/var/folders/wd/n5c512jn3llgss1x_9bhrxvc0000gn/T/cargo-mutants-embyr-rs-93uJfs.tmp/target/debug/deps/libaes_gcm-0ce55ad3a361630e.rmeta --extern argon2=/private/var/folders/wd/n5c512jn3llgss1x_9bhrxvc0000gn/T/cargo-mutants-embyr-rs-93uJfs.tmp/target/debug/deps/libargon2-192b846eed6942a5.rmeta --extern async_trait=/private/var/folders/wd/n5c512jn3llgss1x_9bhrxvc0000gn/T/cargo-mutants-embyr-rs-93uJfs.tmp/target/debug/deps/libasync_trait-6cce5e106ac7288f.dylib --extern blake3=/private/var/folders/wd/n5c512jn3llgss1x_9bhrxvc0000gn/T/cargo-mutants-embyr-rs-93uJfs.tmp/target/debug/deps/libblake3-4daa2f18ed38789d.rmeta --extern chrono=/private/var/folders/wd/n5c512jn3llgss1x_9bhrxvc0000gn/T/cargo-mutants-embyr-rs-93uJfs.tmp/target/debug/deps/libchrono-bc1ca6cfad896523.rmeta --extern hkdf=/private/var/folders/wd/n5c512jn3llgss1x_9bhrxvc0000gn/T/cargo-mutants-embyr-rs-93uJfs.tmp/target/debug/deps/libhkdf-51f9f1be53a5d8f1.rmeta --extern rand_core=/private/var/folders/wd/n5c512jn3llgss1x_9bhrxvc0000gn/T/cargo-mutants-embyr-rs-93uJfs.tmp/target/debug/deps/librand_core-c51d042023d2117b.rmeta --extern serde=/private/var/folders/wd/n5c512jn3llgss1x_9bhrxvc0000gn/T/cargo-mutants-embyr-rs-93uJfs.tmp/target/debug/deps/libserde-e5919fea921a5ff1.rmeta --extern sha2=/private/var/folders/wd/n5c512jn3llgss1x_9bhrxvc0000gn/T/cargo-mutants-embyr-rs-93uJfs.tmp/target/debug/deps/libsha2-850361447dc645b8.rmeta --extern thiserror=/private/var/folders/wd/n5c512jn3llgss1x_9bhrxvc0000gn/T/cargo-mutants-embyr-rs-93uJfs.tmp/target/debug/deps/libthiserror-169c6956c95ea48d.rmeta --extern x25519_dalek=/private/var/folders/wd/n5c512jn3llgss1x_9bhrxvc0000gn/T/cargo-mutants-embyr-rs-93uJfs.tmp/target/debug/deps/libx25519_dalek-753a4ee137b82fab.rmeta -L native=/private/var/folders/wd/n5c512jn3llgss1x_9bhrxvc0000gn/T/cargo-mutants-embyr-rs-93uJfs.tmp/target/debug/build/blake3-65cd13fbf5f6bf0a/out`
error[E0277]: the trait bound `StaticSecret: Default` is not satisfied
  --> crates/embyr-core/src/auth/ecies.rs:13:5
   |
13 |     Default::default() /* ~ changed by cargo-mutants ~ */
   |     ^^^^^^^^^^^^^^^^^^ the trait `Default` is not implemented for `StaticSecret`

For more information about this error, try `rustc --explain E0277`.
error: could not compile `embyr-core` (lib) due to 1 previous error

Caused by:
  process didn't exit successfully: `/Users/petervyboch/.rustup/toolchains/stable-aarch64-apple-darwin/bin/rustc --crate-name embyr_core --edition=2021 crates/embyr-core/src/lib.rs --error-format=json --json=diagnostic-rendered-ansi,artifacts,future-incompat --crate-type lib --emit=dep-info,metadata,link -C embed-bitcode=no -C debuginfo=2 -C split-debuginfo=unpacked --check-cfg 'cfg(docsrs,test)' --check-cfg 'cfg(feature, values())' -C metadata=b3222c0704573527 -C extra-filename=-7df61b3750650061 --out-dir /private/var/folders/wd/n5c512jn3llgss1x_9bhrxvc0000gn/T/cargo-mutants-embyr-rs-93uJfs.tmp/target/debug/deps -C incremental=/private/var/folders/wd/n5c512jn3llgss1x_9bhrxvc0000gn/T/cargo-mutants-embyr-rs-93uJfs.tmp/target/debug/incremental -L dependency=/private/var/folders/wd/n5c512jn3llgss1x_9bhrxvc0000gn/T/cargo-mutants-embyr-rs-93uJfs.tmp/target/debug/deps --extern aes_gcm=/private/var/folders/wd/n5c512jn3llgss1x_9bhrxvc0000gn/T/cargo-mutants-embyr-rs-93uJfs.tmp/target/debug/deps/libaes_gcm-0ce55ad3a361630e.rmeta --extern argon2=/private/var/folders/wd/n5c512jn3llgss1x_9bhrxvc0000gn/T/cargo-mutants-embyr-rs-93uJfs.tmp/target/debug/deps/libargon2-192b846eed6942a5.rmeta --extern async_trait=/private/var/folders/wd/n5c512jn3llgss1x_9bhrxvc0000gn/T/cargo-mutants-embyr-rs-93uJfs.tmp/target/debug/deps/libasync_trait-6cce5e106ac7288f.dylib --extern blake3=/private/var/folders/wd/n5c512jn3llgss1x_9bhrxvc0000gn/T/cargo-mutants-embyr-rs-93uJfs.tmp/target/debug/deps/libblake3-4daa2f18ed38789d.rmeta --extern chrono=/private/var/folders/wd/n5c512jn3llgss1x_9bhrxvc0000gn/T/cargo-mutants-embyr-rs-93uJfs.tmp/target/debug/deps/libchrono-bc1ca6cfad896523.rmeta --extern hkdf=/private/var/folders/wd/n5c512jn3llgss1x_9bhrxvc0000gn/T/cargo-mutants-embyr-rs-93uJfs.tmp/target/debug/deps/libhkdf-51f9f1be53a5d8f1.rmeta --extern rand_core=/private/var/folders/wd/n5c512jn3llgss1x_9bhrxvc0000gn/T/cargo-mutants-embyr-rs-93uJfs.tmp/target/debug/deps/librand_core-c51d042023d2117b.rmeta --extern serde=/private/var/folders/wd/n5c512jn3llgss1x_9bhrxvc0000gn/T/cargo-mutants-embyr-rs-93uJfs.tmp/target/debug/deps/libserde-e5919fea921a5ff1.rmeta --extern sha2=/private/var/folders/wd/n5c512jn3llgss1x_9bhrxvc0000gn/T/cargo-mutants-embyr-rs-93uJfs.tmp/target/debug/deps/libsha2-850361447dc645b8.rmeta --extern thiserror=/private/var/folders/wd/n5c512jn3llgss1x_9bhrxvc0000gn/T/cargo-mutants-embyr-rs-93uJfs.tmp/target/debug/deps/libthiserror-169c6956c95ea48d.rmeta --extern x25519_dalek=/private/var/folders/wd/n5c512jn3llgss1x_9bhrxvc0000gn/T/cargo-mutants-embyr-rs-93uJfs.tmp/target/debug/deps/libx25519_dalek-753a4ee137b82fab.rmeta -L native=/private/var/folders/wd/n5c512jn3llgss1x_9bhrxvc0000gn/T/cargo-mutants-embyr-rs-93uJfs.tmp/target/debug/build/blake3-65cd13fbf5f6bf0a/out` (exit status: 1)
warning: build failed, waiting for other jobs to finish...
error: could not compile `embyr-core` (lib test) due to 1 previous error

Caused by:
  process didn't exit successfully: `/Users/petervyboch/.rustup/toolchains/stable-aarch64-apple-darwin/bin/rustc --crate-name embyr_core --edition=2021 crates/embyr-core/src/lib.rs --error-format=json --json=diagnostic-rendered-ansi,artifacts,future-incompat --emit=dep-info,link -C embed-bitcode=no -C debuginfo=2 -C split-debuginfo=unpacked --test --check-cfg 'cfg(docsrs,test)' --check-cfg 'cfg(feature, values())' -C metadata=a729cd389cd7888d -C extra-filename=-df70676ed5ff9cd2 --out-dir /private/var/folders/wd/n5c512jn3llgss1x_9bhrxvc0000gn/T/cargo-mutants-embyr-rs-93uJfs.tmp/target/debug/deps -C incremental=/private/var/folders/wd/n5c512jn3llgss1x_9bhrxvc0000gn/T/cargo-mutants-embyr-rs-93uJfs.tmp/target/debug/incremental -L dependency=/private/var/folders/wd/n5c512jn3llgss1x_9bhrxvc0000gn/T/cargo-mutants-embyr-rs-93uJfs.tmp/target/debug/deps --extern aes_gcm=/private/var/folders/wd/n5c512jn3llgss1x_9bhrxvc0000gn/T/cargo-mutants-embyr-rs-93uJfs.tmp/target/debug/deps/libaes_gcm-0ce55ad3a361630e.rlib --extern argon2=/private/var/folders/wd/n5c512jn3llgss1x_9bhrxvc0000gn/T/cargo-mutants-embyr-rs-93uJfs.tmp/target/debug/deps/libargon2-192b846eed6942a5.rlib --extern async_trait=/private/var/folders/wd/n5c512jn3llgss1x_9bhrxvc0000gn/T/cargo-mutants-embyr-rs-93uJfs.tmp/target/debug/deps/libasync_trait-6cce5e106ac7288f.dylib --extern blake3=/private/var/folders/wd/n5c512jn3llgss1x_9bhrxvc0000gn/T/cargo-mutants-embyr-rs-93uJfs.tmp/target/debug/deps/libblake3-4daa2f18ed38789d.rlib --extern chrono=/private/var/folders/wd/n5c512jn3llgss1x_9bhrxvc0000gn/T/cargo-mutants-embyr-rs-93uJfs.tmp/target/debug/deps/libchrono-bc1ca6cfad896523.rlib --extern hkdf=/private/var/folders/wd/n5c512jn3llgss1x_9bhrxvc0000gn/T/cargo-mutants-embyr-rs-93uJfs.tmp/target/debug/deps/libhkdf-51f9f1be53a5d8f1.rlib --extern rand_core=/private/var/folders/wd/n5c512jn3llgss1x_9bhrxvc0000gn/T/cargo-mutants-embyr-rs-93uJfs.tmp/target/debug/deps/librand_core-c51d042023d2117b.rlib --extern serde=/private/var/folders/wd/n5c512jn3llgss1x_9bhrxvc0000gn/T/cargo-mutants-embyr-rs-93uJfs.tmp/target/debug/deps/libserde-e5919fea921a5ff1.rlib --extern sha2=/private/var/folders/wd/n5c512jn3llgss1x_9bhrxvc0000gn/T/cargo-mutants-embyr-rs-93uJfs.tmp/target/debug/deps/libsha2-850361447dc645b8.rlib --extern thiserror=/private/var/folders/wd/n5c512jn3llgss1x_9bhrxvc0000gn/T/cargo-mutants-embyr-rs-93uJfs.tmp/target/debug/deps/libthiserror-169c6956c95ea48d.rlib --extern x25519_dalek=/private/var/folders/wd/n5c512jn3llgss1x_9bhrxvc0000gn/T/cargo-mutants-embyr-rs-93uJfs.tmp/target/debug/deps/libx25519_dalek-753a4ee137b82fab.rlib -L native=/private/var/folders/wd/n5c512jn3llgss1x_9bhrxvc0000gn/T/cargo-mutants-embyr-rs-93uJfs.tmp/target/debug/build/blake3-65cd13fbf5f6bf0a/out` (exit status: 1)

*** result: Failure(101)
